May-02 16:17:21.866 [main] DEBUG nextflow.cli.Launcher - $> nextflow run main.nf --input test_data/test_sequences.fasta --outdir results/test_run_01
May-02 16:17:21.981 [main] DEBUG nextflow.cli.CmdRun - N E X T F L O W  ~  version 26.04.0
May-02 16:17:22.050 [main] DEBUG nextflow.plugin.PluginsFacade - Setting up plugin manager > mode=prod; embedded=false; plugins-dir=/home/bgalvan/.nextflow/plugins; core-plugins: nf-amazon@3.9.0,nf-azure@1.22.2,nf-cloudcache@0.6.0,nf-codecommit@0.5.1,nf-console@1.3.0,nf-google@1.27.2,nf-k8s@1.5.2,nf-seqera@0.19.0,nf-tower@1.27.0,nf-wave@1.20.0
May-02 16:17:22.092 [main] INFO  o.pf4j.DefaultPluginStatusProvider - Enabled plugins: []
May-02 16:17:22.093 [main] INFO  o.pf4j.DefaultPluginStatusProvider - Disabled plugins: []
May-02 16:17:22.096 [main] INFO  org.pf4j.DefaultPluginManager - PF4J version 3.14.1 in 'deployment' mode
May-02 16:17:22.134 [main] DEBUG nextflow.util.RetryConfig - Missing nextflow session - using default retry config
May-02 16:17:22.423 [main] DEBUG nextflow.plugin.PluginUpdater - Using plugin repository: HttpPluginRepository [registry]; url=https://registry.nextflow.io/api
May-02 16:17:22.431 [main] INFO  org.pf4j.AbstractPluginManager - No plugins
May-02 16:17:22.468 [main] DEBUG nextflow.config.ConfigBuilder - Found config local: /home/bgalvan/projects/foldflow/nextflow.config
May-02 16:17:22.472 [main] DEBUG nextflow.config.ConfigBuilder - Parsing config file: /home/bgalvan/projects/foldflow/nextflow.config
May-02 16:17:22.475 [main] DEBUG nextflow.config.ConfigParserFactory - Using config parser v2
May-02 16:17:22.505 [main] DEBUG nextflow.config.ConfigBuilder - Applying config profile: `standard`
May-02 16:17:22.994 [main] DEBUG nextflow.plugin.PluginsFacade - Plugins default=[]
May-02 16:17:22.994 [main] DEBUG nextflow.plugin.PluginsFacade - Plugins resolved requirement=[]
May-02 16:17:23.032 [main] DEBUG n.secret.LocalSecretsProvider - Secrets store: /home/bgalvan/.nextflow/secrets/store.json
May-02 16:17:23.037 [main] DEBUG nextflow.secret.SecretsLoader - Discovered secrets providers: [nextflow.secret.LocalSecretsProvider@5d97caa4] - activable => nextflow.secret.LocalSecretsProvider@5d97caa4
May-02 16:17:23.057 [main] DEBUG nextflow.cli.CmdRun - Launching `main.nf` [compassionate_heyrovsky] - revision: a3fa2b4bf8
May-02 16:17:23.182 [main] DEBUG nextflow.Session - Session UUID: 7f41dde9-6af5-44b8-b850-b29e608db535
May-02 16:17:23.182 [main] DEBUG nextflow.Session - Run name: compassionate_heyrovsky
May-02 16:17:23.183 [main] DEBUG nextflow.Session - Executor pool size: 8
May-02 16:17:23.195 [main] DEBUG nextflow.file.FilePorter - File porter settings maxRetries=3; maxTransfers=50; pollTimeout=null
May-02 16:17:23.203 [main] DEBUG nextflow.util.ThreadPoolBuilder - Creating thread pool 'FileTransfer' minSize=10; maxSize=24; workQueue=LinkedBlockingQueue[-1]; allowCoreThreadTimeout=false
May-02 16:17:23.268 [main] DEBUG nextflow.cli.CmdRun - 
  Version: 26.04.0 build 12031
  Created: 29-04-2026 04:00 UTC 
  System: Linux 5.15.167.4-microsoft-standard-WSL2
  Runtime: Groovy 4.0.31 on OpenJDK 64-Bit Server VM 21.0.9-internal-adhoc.conda.src
  Encoding: UTF-8 (UTF-8)
  Process: 1199@DESKTOP-ER20J9N [127.0.1.1]
  CPUs: 8 - Mem: 11.7 GB (4.9 GB) - Swap: 4 GB (4 GB)
May-02 16:17:23.295 [main] DEBUG nextflow.Session - Work-dir: /home/bgalvan/projects/foldflow/work [ext2/ext3]
May-02 16:17:23.295 [main] DEBUG nextflow.Session - Script base path does not exist or is not a directory: /home/bgalvan/projects/foldflow/bin
May-02 16:17:23.309 [main] DEBUG nextflow.executor.ExecutorFactory - Extension executors providers=[]
May-02 16:17:23.321 [main] DEBUG nextflow.Session - Observer factory (v2): LinObserverFactory
May-02 16:17:23.323 [main] DEBUG nextflow.Session - Observer factory (v2): DefaultObserverFactory
May-02 16:17:23.361 [main] DEBUG nextflow.cache.CacheFactory - Using Nextflow cache factory: nextflow.cache.DefaultCacheFactory
May-02 16:17:23.388 [main] DEBUG nextflow.util.CustomThreadPool - Creating default thread pool > poolSize: 9; maxThreads: 1000
May-02 16:17:23.622 [main] DEBUG nextflow.Session - Session start
May-02 16:17:23.628 [main] DEBUG nextflow.script.ScriptLoaderFactory - Using script parser v2
May-02 16:17:23.995 [main] DEBUG nextflow.script.ScriptRunner - > Launching execution
May-02 16:17:24.251 [main] DEBUG nextflow.executor.ExecutorFactory - << taskConfig executor: local
May-02 16:17:24.251 [main] DEBUG nextflow.executor.ExecutorFactory - >> processorType: 'local'
May-02 16:17:24.261 [main] DEBUG nextflow.executor.Executor - [warm up] executor > local
May-02 16:17:24.275 [main] DEBUG n.processor.LocalPollingMonitor - Creating local task monitor for executor 'local' > cpus=8; memory=11.7 GB; capacity=8; pollInterval=100ms; dumpInterval=5m
May-02 16:17:24.278 [main] DEBUG n.processor.TaskPollingMonitor - >>> barrier register (monitor: local)
May-02 16:17:24.365 [main] DEBUG nextflow.processor.TaskProcessor - Creating process 'VALIDATE_FASTA': maxForks=0; fair=false; array=0
May-02 16:17:24.407 [main] DEBUG n.script.dsl.ProcessConfigBuilder - Config settings `withName:ESMFOLD` matches process ESMFOLD
May-02 16:17:24.409 [main] DEBUG nextflow.executor.ExecutorFactory - << taskConfig executor: local
May-02 16:17:24.409 [main] DEBUG nextflow.executor.ExecutorFactory - >> processorType: 'local'
May-02 16:17:24.410 [main] DEBUG nextflow.processor.TaskProcessor - Creating process 'ESMFOLD': maxForks=0; fair=false; array=0
May-02 16:17:24.418 [main] DEBUG nextflow.executor.ExecutorFactory - << taskConfig executor: local
May-02 16:17:24.418 [main] DEBUG nextflow.executor.ExecutorFactory - >> processorType: 'local'
May-02 16:17:24.419 [main] DEBUG nextflow.processor.TaskProcessor - Creating process 'EXTRACT_SCORES': maxForks=0; fair=false; array=0
May-02 16:17:24.423 [main] DEBUG nextflow.Session - Process names: EXTRACT_SCORES, VALIDATE_FASTA, ESMFOLD
May-02 16:17:24.426 [main] DEBUG nextflow.Session - Igniting dataflow network (4)
May-02 16:17:24.442 [main] DEBUG nextflow.processor.TaskProcessor - Starting process > VALIDATE_FASTA
May-02 16:17:24.443 [main] DEBUG nextflow.processor.TaskProcessor - Starting process > ESMFOLD
May-02 16:17:24.443 [main] DEBUG nextflow.processor.TaskProcessor - Starting process > EXTRACT_SCORES
May-02 16:17:24.444 [main] DEBUG nextflow.script.ScriptRunner - Parsed script files:
  _nf_script_e68ac2151cc8f228: /home/bgalvan/projects/foldflow/modules/esmfold.nf
  _nf_script_a3b1491da10c07ba: /home/bgalvan/projects/foldflow/modules/extract_scores.nf
  Main: /home/bgalvan/projects/foldflow/main.nf
  _nf_script_84b0bfe4087f8ca3: /home/bgalvan/projects/foldflow/modules/validate_fasta.nf
May-02 16:17:24.445 [main] DEBUG nextflow.script.ScriptRunner - > Awaiting termination 
May-02 16:17:24.445 [main] DEBUG nextflow.Session - Session await
May-02 16:17:24.675 [Task submitter] DEBUG n.executor.local.LocalTaskHandler - Launch cmd line: /bin/bash -ue .command.run
May-02 16:17:24.680 [Task submitter] INFO  nextflow.Session - [36/693cde] Submitted process > VALIDATE_FASTA (villin_headpiece)
May-02 16:17:24.805 [Task monitor] DEBUG n.processor.TaskPollingMonitor - Task completed > TaskHandler[id: 2; name: VALIDATE_FASTA (villin_headpiece); status: COMPLETED; exit: 0; error: -; workDir: /home/bgalvan/projects/foldflow/work/36/693cde8413e3c50a92078790e1584c]
May-02 16:17:24.807 [Task monitor] DEBUG nextflow.util.ThreadPoolBuilder - Creating thread pool 'TaskFinalizer' minSize=10; maxSize=24; workQueue=LinkedBlockingQueue[-1]; allowCoreThreadTimeout=false
May-02 16:17:24.814 [Task submitter] DEBUG n.executor.local.LocalTaskHandler - Launch cmd line: /bin/bash -ue .command.run
May-02 16:17:24.814 [Task submitter] INFO  nextflow.Session - [b2/e65229] Submitted process > VALIDATE_FASTA (trp_cage)
May-02 16:17:24.824 [Actor Thread 8] WARN  nextflow.script.ScriptBinding - Access to undefined parameter `python_path` -- Initialise it to a default value eg. `params.python_path = some_value`
May-02 16:17:24.920 [Task monitor] DEBUG n.processor.TaskPollingMonitor - Task completed > TaskHandler[id: 1; name: VALIDATE_FASTA (trp_cage); status: COMPLETED; exit: 0; error: -; workDir: /home/bgalvan/projects/foldflow/work/b2/e65229d1cca8d0752e597cba70894d]
May-02 16:17:24.926 [Task submitter] DEBUG n.executor.local.LocalTaskHandler - Launch cmd line: /bin/bash -ue .command.run
May-02 16:17:24.927 [Task submitter] INFO  nextflow.Session - [fe/7cd7c0] Submitted process > VALIDATE_FASTA (insulin_human)
May-02 16:17:24.981 [Task monitor] DEBUG n.processor.TaskPollingMonitor - Task completed > TaskHandler[id: 3; name: VALIDATE_FASTA (insulin_human); status: COMPLETED; exit: 0; error: -; workDir: /home/bgalvan/projects/foldflow/work/fe/7cd7c042080ad6da015ecbe2217e3b]
May-02 16:17:24.992 [Task submitter] DEBUG n.executor.local.LocalTaskHandler - Launch cmd line: /bin/bash -ue .command.run
May-02 16:17:24.993 [Task submitter] INFO  nextflow.Session - [47/740652] Submitted process > ESMFOLD (villin_headpiece)
May-02 16:22:26.687 [Task monitor] DEBUG n.processor.TaskPollingMonitor - !! executor local > tasks to be completed: 1 -- submitted tasks are shown below
~> TaskHandler[id: 4; name: ESMFOLD (villin_headpiece); status: RUNNING; exit: -; error: -; workDir: /home/bgalvan/projects/foldflow/work/47/740652bfec76057340e12a1d71f6a3]
May-02 16:22:26.687 [Task submitter] DEBUG n.processor.TaskPollingMonitor - %% executor local > tasks in the submission queue: 2 -- tasks to be submitted are shown below
~> TaskHandler[id: 5; name: ESMFOLD (trp_cage); status: NEW; exit: -; error: -; workDir: /home/bgalvan/projects/foldflow/work/ed/50e6a45f74e2892b4e385d9c956e54]
~> TaskHandler[id: 6; name: ESMFOLD (insulin_human); status: NEW; exit: -; error: -; workDir: /home/bgalvan/projects/foldflow/work/ab/b4cf4a8381bc22e4c2c9bf18455bdc]
May-02 16:24:33.254 [Task monitor] DEBUG n.processor.TaskPollingMonitor - Task completed > TaskHandler[id: 4; name: ESMFOLD (villin_headpiece); status: COMPLETED; exit: 0; error: -; workDir: /home/bgalvan/projects/foldflow/work/47/740652bfec76057340e12a1d71f6a3]
May-02 16:24:34.692 [Task submitter] DEBUG n.executor.local.LocalTaskHandler - Launch cmd line: /bin/bash -ue .command.run
May-02 16:24:34.747 [Task submitter] INFO  nextflow.Session - [ed/50e6a4] Submitted process > ESMFOLD (trp_cage)
May-02 16:24:37.074 [TaskFinalizer-4] DEBUG nextflow.util.ThreadPoolBuilder - Creating thread pool 'PublishDir' minSize=10; maxSize=24; workQueue=LinkedBlockingQueue[-1]; allowCoreThreadTimeout=false
May-02 16:28:13.626 [Task monitor] DEBUG n.processor.TaskPollingMonitor - !! executor local > tasks to be completed: 1 -- submitted tasks are shown below
~> TaskHandler[id: 5; name: ESMFOLD (trp_cage); status: RUNNING; exit: -; error: -; workDir: /home/bgalvan/projects/foldflow/work/ed/50e6a45f74e2892b4e385d9c956e54]
May-02 16:28:13.626 [Task submitter] DEBUG n.processor.TaskPollingMonitor - %% executor local > tasks in the submission queue: 2 -- tasks to be submitted are shown below
~> TaskHandler[id: 6; name: ESMFOLD (insulin_human); status: NEW; exit: -; error: -; workDir: /home/bgalvan/projects/foldflow/work/ab/b4cf4a8381bc22e4c2c9bf18455bdc]
~> TaskHandler[id: 7; name: EXTRACT_SCORES (villin_headpiece); status: NEW; exit: -; error: -; workDir: /home/bgalvan/projects/foldflow/work/de/546a6cbb95e925d4d9652efe300a05]
May-02 16:32:30.850 [Task monitor] DEBUG n.processor.TaskPollingMonitor - !! executor local > tasks to be completed: 1 -- submitted tasks are shown below
~> TaskHandler[id: 5; name: ESMFOLD (trp_cage); status: RUNNING; exit: -; error: -; workDir: /home/bgalvan/projects/foldflow/work/ed/50e6a45f74e2892b4e385d9c956e54]
May-02 16:32:31.017 [Task submitter] DEBUG n.processor.TaskPollingMonitor - %% executor local > tasks in the submission queue: 2 -- tasks to be submitted are shown below
~> TaskHandler[id: 6; name: ESMFOLD (insulin_human); status: NEW; exit: -; error: -; workDir: /home/bgalvan/projects/foldflow/work/ab/b4cf4a8381bc22e4c2c9bf18455bdc]
~> TaskHandler[id: 7; name: EXTRACT_SCORES (villin_headpiece); status: NEW; exit: -; error: -; workDir: /home/bgalvan/projects/foldflow/work/de/546a6cbb95e925d4d9652efe300a05]
May-02 16:34:43.271 [Task monitor] DEBUG n.processor.TaskPollingMonitor - Task completed > TaskHandler[id: 5; name: ESMFOLD (trp_cage); status: COMPLETED; exit: 0; error: -; workDir: /home/bgalvan/projects/foldflow/work/ed/50e6a45f74e2892b4e385d9c956e54]
May-02 16:34:44.826 [Task submitter] DEBUG n.executor.local.LocalTaskHandler - Launch cmd line: /bin/bash -ue .command.run
May-02 16:34:44.886 [Task submitter] INFO  nextflow.Session - [ab/b4cf4a] Submitted process > ESMFOLD (insulin_human)
May-02 16:38:15.807 [Task monitor] DEBUG n.processor.TaskPollingMonitor - !! executor local > tasks to be completed: 1 -- submitted tasks are shown below
~> TaskHandler[id: 6; name: ESMFOLD (insulin_human); status: RUNNING; exit: -; error: -; workDir: /home/bgalvan/projects/foldflow/work/ab/b4cf4a8381bc22e4c2c9bf18455bdc]
May-02 16:38:15.807 [Task submitter] DEBUG n.processor.TaskPollingMonitor - %% executor local > tasks in the submission queue: 2 -- tasks to be submitted are shown below
~> TaskHandler[id: 7; name: EXTRACT_SCORES (villin_headpiece); status: NEW; exit: -; error: -; workDir: /home/bgalvan/projects/foldflow/work/de/546a6cbb95e925d4d9652efe300a05]
~> TaskHandler[id: 8; name: EXTRACT_SCORES (trp_cage); status: NEW; exit: -; error: -; workDir: /home/bgalvan/projects/foldflow/work/02/4c44d41e081d7131a33934f9259ceb]
May-02 16:42:32.983 [Task monitor] DEBUG n.processor.TaskPollingMonitor - !! executor local > tasks to be completed: 1 -- submitted tasks are shown below
~> TaskHandler[id: 6; name: ESMFOLD (insulin_human); status: RUNNING; exit: -; error: -; workDir: /home/bgalvan/projects/foldflow/work/ab/b4cf4a8381bc22e4c2c9bf18455bdc]
May-02 16:42:32.983 [Task submitter] DEBUG n.processor.TaskPollingMonitor - %% executor local > tasks in the submission queue: 2 -- tasks to be submitted are shown below
~> TaskHandler[id: 7; name: EXTRACT_SCORES (villin_headpiece); status: NEW; exit: -; error: -; workDir: /home/bgalvan/projects/foldflow/work/de/546a6cbb95e925d4d9652efe300a05]
~> TaskHandler[id: 8; name: EXTRACT_SCORES (trp_cage); status: NEW; exit: -; error: -; workDir: /home/bgalvan/projects/foldflow/work/02/4c44d41e081d7131a33934f9259ceb]
May-02 16:46:54.290 [Task monitor] DEBUG n.processor.TaskPollingMonitor - Task completed > TaskHandler[id: 6; name: ESMFOLD (insulin_human); status: COMPLETED; exit: 0; error: -; workDir: /home/bgalvan/projects/foldflow/work/ab/b4cf4a8381bc22e4c2c9bf18455bdc]
May-02 16:46:55.771 [Task submitter] DEBUG n.executor.local.LocalTaskHandler - Launch cmd line: /bin/bash -ue .command.run
May-02 16:46:55.780 [Task submitter] INFO  nextflow.Session - [de/546a6c] Submitted process > EXTRACT_SCORES (villin_headpiece)
May-02 16:46:57.965 [Task monitor] DEBUG n.processor.TaskPollingMonitor - Task completed > TaskHandler[id: 7; name: EXTRACT_SCORES (villin_headpiece); status: COMPLETED; exit: 0; error: -; workDir: /home/bgalvan/projects/foldflow/work/de/546a6cbb95e925d4d9652efe300a05]
May-02 16:46:58.103 [Task submitter] DEBUG n.executor.local.LocalTaskHandler - Launch cmd line: /bin/bash -ue .command.run
May-02 16:46:58.104 [Task submitter] INFO  nextflow.Session - [02/4c44d4] Submitted process > EXTRACT_SCORES (trp_cage)
May-02 16:46:58.509 [Task monitor] DEBUG n.processor.TaskPollingMonitor - Task completed > TaskHandler[id: 8; name: EXTRACT_SCORES (trp_cage); status: COMPLETED; exit: 0; error: -; workDir: /home/bgalvan/projects/foldflow/work/02/4c44d41e081d7131a33934f9259ceb]
May-02 16:46:58.585 [Task submitter] DEBUG n.executor.local.LocalTaskHandler - Launch cmd line: /bin/bash -ue .command.run
May-02 16:46:58.586 [Task submitter] INFO  nextflow.Session - [06/f9adfa] Submitted process > EXTRACT_SCORES (insulin_human)
May-02 16:46:58.987 [Task monitor] DEBUG n.processor.TaskPollingMonitor - Task completed > TaskHandler[id: 9; name: EXTRACT_SCORES (insulin_human); status: COMPLETED; exit: 0; error: -; workDir: /home/bgalvan/projects/foldflow/work/06/f9adfa062de44c358bef12bc44f6f3]
May-02 16:46:59.061 [main] DEBUG nextflow.Session - Session await > all processes finished
May-02 16:46:59.232 [Task monitor] DEBUG n.processor.TaskPollingMonitor - <<< barrier arrives (monitor: local) - terminating tasks monitor poll loop
May-02 16:46:59.240 [main] DEBUG nextflow.Session - Session await > all barriers passed
May-02 16:46:59.957 [main] DEBUG nextflow.util.ThreadPoolManager - Thread pool 'TaskFinalizer' shutdown completed (hard=false)
May-02 16:46:59.965 [main] DEBUG nextflow.util.ThreadPoolManager - Thread pool 'PublishDir' shutdown completed (hard=false)
May-02 16:47:00.416 [main] DEBUG n.trace.WorkflowStatsObserver - Workflow completed > WorkflowStats[succeededCount=9; failedCount=0; ignoredCount=0; cachedCount=0; pendingCount=0; submittedCount=0; runningCount=0; retriesCount=0; abortedCount=0; succeedDuration=1h 57m 47s; failedDuration=0ms; cachedDuration=0ms;loadCpus=0; loadMemory=0; peakRunning=2; peakCpus=8; peakMemory=12 GB; ]
May-02 16:47:00.579 [main] DEBUG nextflow.trace.ReportObserver - Workflow completed -- rendering execution report
May-02 16:47:17.607 [main] DEBUG nextflow.trace.TimelineObserver - Workflow completed -- rendering execution timeline
May-02 16:47:17.892 [main] DEBUG nextflow.cache.CacheDB - Closing CacheDB done
May-02 16:47:18.224 [main] DEBUG nextflow.util.ThreadPoolManager - Thread pool 'FileTransfer' shutdown completed (hard=false)
May-02 16:47:18.224 [main] DEBUG nextflow.script.ScriptRunner - > Execution complete -- Goodbye
